// Jest Snapshot v1, https://goo.gl/fbAQLP

exports[`Index page should match the snapshot 1`] = `
Array [
  <div
    className="css-b2pafk"
  >
    <div
      className="css-zdacg6"
    >
      <a
        className="chakra-link css-0"
        onClick={[Function]}
        onMouseEnter={[Function]}
      >
        <h2
          className="chakra-heading css-0"
        >
          NRG Reddit
        </h2>
      </a>
      <div
        className="css-zdpt2t"
      >
        loading please wait
      </div>
    </div>
  </div>,
  <div
    className="css-83x9sm"
  >
    <div>
      loading...
    </div>
  </div>,
]
`;
